Kevin's chili is going to be great this year.
Kevin's chili is going to be great this year.
Kevin's chili is going to be great this year.
Kevin's chili is going to be great this year.
Kevin's chili is not going to be great this year.
Kevin's chili is going to be great this year.
Kevin's chili is going to be great this year.
Kevin's chili is going to be great this year.
Kevin's chili is going to be great this year.
Kevin's chili is going to be great this year.
Kevin's chili is going to be great this year.
Kevin's chili is going to be great this year.
Kevin's chili is going to be great this year.
Kevin's chili is going to be great this year.
Kevin's chili is going to be great this year.
Kevin's chili is not going to be great this year.
Kevin's chili is going to be great this year.
Kevin's chili is not going to be great this year.
Kevin's chili is going to be great this year.
Kevin's chili is going to be great this year.
Kevin's chili is not going to be great this year.
Kevin's chili is going to be great this year.
Kevin's chili is going to be great this year.
Kevin's chili is going to be great this year.
Kevin's chili is going to be great this year.
Kevin's chili is going to be great this year.
Kevin's chili is going to be great this year.
Kevin's chili is not going to be great this year.
Kevin's chili is going to be great this year.
Kevin's chili is going to be great this year.
Kevin's chili is going to be great this year.
Kevin's chili is going to be great this year.
Kevin's chili is going to be great this year.
Kevin's chili is going to be great this year.
Kevin's chili is going to be great this year.
Kevin's chili is not going to be great this year.
Kevin's chili is going to be great this year.
Kevin's chili is going to be great this year.
Kevin's chili is going to be great this year.
Kevin's chili is going to be great this year.
Kevin's chili is going to be great this year.
Kevin's chili is going to be great this year.
Kevin's chili is going to be great this year.
Kevin's chili is going to be great this year.
Kevin's chili is going to be great this year.
Kevin's chili is going to be great this year.
Kevin's chili is going to be great this year.
Kevin's chili is going to be great this year.
Kevin's chili is going to be great this year.
Kevin's chili is going to be great this year.
Kevin's chili is going to be great this year.
Kevin's chili is going to be great this year.
Kevin's chili is going to be great this year.
Kevin's chili is going to be great this year.
Kevin's chili is going to be great this year.
Kevin's chili is going to be great this year.
Kevin's chili is going to be great this year.
Kevin's chili is going to be great this year.
Kevin's chili is going to be great this year.
Kevin's chili is going to be great this year.
Kevin's chili is going to be great this year.
Kevin's chili is going to be great this year.
Kevin's chili is going to be great this year.
Kevin's chili is going to be great this year.
Kevin's chili is going to be great this year.
Kevin's chili is going to be great this year.
Kevin's chili is going to be great this year.
Kevin's chili is not going to be great this year.
Kevin's chili is going to be great this year.
Kevin's chili is going to be great this year.
Kevin's chili is going to be great this year.
Kevin's chili is not going to be great this year.
Kevin's chili is going to be great this year.
Kevin's chili is going to be great this year.
Kevin's chili is going to be great this year.
Kevin's chili is not going to be great this year.
Kevin's chili is going to be great this year.
Kevin's chili is going to be great this year.
Kevin's chili is going to be great this year.
Kevin's chili is going to be great this year.
Kevin's chili is going to be great this year.
Kevin's chili is going to be great this year.
Kevin's chili is going to be great this year.
Kevin's chili is going to be great this year.
Kevin's chili is going to be great this year.
Kevin's chili is going to be great this year.
Kevin's chili is going to be great this year.
Kevin's chili is going to be great this year.
Kevin's chili is going to be great this year.
Kevin's chili is going to be great this year.
Kevin's chili is going to be great this year.
Kevin's chili is going to be great this year.
Kevin's chili is going to be great this year.
Kevin's chili is going to be great this year.
Kevin's chili is not going to be great this year.
Kevin's chili is going to be great this year.
Kevin's chili is going to be great this year.
Kevin's chili is not going to be great this year.
Kevin's chili is going to be great this year.
Kevin's chili is going to be great this year.
