52341
99999
312231
0
1
52341432
99911000
99768876
