Name David Wallace can generate 6652800 unique possibilities.
Name Louanne Kelley can generate 39916800 unique possibilities.
Name Jo Bennett can generate 10080 unique possibilities.
Name Cathy Simms can generate 362880 unique possibilities.
Name Devon White can generate 362880 unique possibilities.
Name Danny Cordray can generate 4989600 unique possibilities.
Name Karen Filippelli can generate 1210809600 unique possibilities.
Name Rolando can generate 360 unique possibilities.
Name Stephanie can generate 20160 unique possibilities.
Name Ben Nugent can generate 20160 unique possibilities.
