NLEY
BANC
YKAP
KAPOOR
KELLY
LEYHUD
NLEYH
DW
DWIGHT
DWIGHTSCHRUTE
