This conga line cannot be redoubled.
This conga line cannot be redoubled.
This conga line cannot be redoubled.
This conga line cannot be redoubled.
This conga line cannot be redoubled.
This conga line cannot be redoubled.
This conga line cannot be redoubled.
This conga line cannot be redoubled.
This conga line cannot be redoubled.
This conga line cannot be redoubled.
This conga line cannot be redoubled.
This conga line cannot be redoubled.
This conga line cannot be redoubled.
This conga line cannot be redoubled.
This conga line cannot be redoubled.
This conga line can be redoubled.
This conga line cannot be redoubled.
This conga line cannot be redoubled.
This conga line cannot be redoubled.
This conga line can be redoubled.
This conga line cannot be redoubled.
This conga line cannot be redoubled.
This conga line cannot be redoubled.
This conga line cannot be redoubled.
This conga line cannot be redoubled.
This conga line cannot be redoubled.
This conga line cannot be redoubled.
This conga line cannot be redoubled.
This conga line cannot be redoubled.