92
51
25
54
56
12
12
85
22
50
42
63
24
35
40
41
19
70
9
64
21
47
74
24
84
166
141
138
133
144
133
163
156
154
135
122
145
144
146
125
156
131
147
139
166
122
154
165
116
153
223
249
254
232
229
243
238
242
205
209
208
251
243
228
245
241
234
257
230
214
265
234
219
247
236
